Traceback (most recent call last):
  File "X:\PSQZA_TEP_LOCAL\repo\tools\formal_monitor\real_mode.py", line 355, in run_one
    self.store.update_attempt(
    ~~~~~~~~~~~~~~~~~~~~~~~~~^
        self.state,
        ^^^^^^^^^^^
    ...<3 lines>...
        lot_status="STARTING",
        ^^^^^^^^^^^^^^^^^^^^^^
    )
    ^
  File "X:\PSQZA_TEP_LOCAL\repo\tools\formal_monitor\state.py", line 398, in update_attempt
    self.save(state)
    ~~~~~~~~~^^^^^^^
  File "X:\PSQZA_TEP_LOCAL\repo\tools\formal_monitor\state.py", line 290, in save
    atomic_json(self.state_path, state.to_dict())
    ~~~~~~~~~~~^^^^^^^^^^^^^^^^^^^^^^^^^^^^^^^^^^
  File "X:\PSQZA_TEP_LOCAL\repo\tools\formal_monitor\state.py", line 29, in atomic_json
    temporary.write_text(json.dumps(value, indent=2, sort_keys=True, ensure_ascii=False) + "\n", encoding="utf-8")
    ~~~~~~~~~~~~~~~~~~~~^^^^^^^^^^^^^^^^^^^^^^^^^^^^^^^^^^^^^^^^^^^^^^^^^^^^^^^^^^^^^^^^^^^^^^^^^^^^^^^^^^^^^^^^^^
  File "X:\aplicacoes\Anaconda\Lib\pathlib\_local.py", line 555, in write_text
    return PathBase.write_text(self, data, encoding, errors, newline)
           ~~~~~~~~~~~~~~~~~~~^^^^^^^^^^^^^^^^^^^^^^^^^^^^^^^^^^^^^^^
  File "X:\aplicacoes\Anaconda\Lib\pathlib\_abc.py", line 651, in write_text
    with self.open(mode='w', encoding=encoding, errors=errors, newline=newline) as f:
         ~~~~~~~~~^^^^^^^^^^^^^^^^^^^^^^^^^^^^^^^^^^^^^^^^^^^^^^^^^^^^^^^^^^^^^
  File "X:\aplicacoes\Anaconda\Lib\pathlib\_local.py", line 537, in open
    return io.open(self, mode, buffering, encoding, errors, newline)
           ~~~~~~~^^^^^^^^^^^^^^^^^^^^^^^^^^^^^^^^^^^^^^^^^^^^^^^^^^
PermissionError: [Errno 13] Permission denied: 'X:\\PSQZA_TEP_LOCAL\\results\\formal\\monitor_controller\\monitor_state.json.tmp'
